[devitems.com/html/financo-preview/financo/index-2.html]
[backblue.gif]
[fade.gif]
[index.html]
[devitems.com/html/financo-preview/financo/img/favicon.ico]
[devitems.com/html/financo-preview/financo/css/bootstrap.min.css]
[devitems.com/html/financo-preview/financo/css/font-awesome.min.css]
[devitems.com/html/financo-preview/financo/css/shortcode/shortcodes.css]
[devitems.com/html/financo-preview/financo/css/animate.css]
[devitems.com/html/financo-preview/financo/css/owl.carousel.css]
[devitems.com/html/financo-preview/financo/css/responsive.css]
[devitems.com/html/financo-preview/financo/style.css]
[devitems.com/html/financo-preview/financo/js/vendor/modernizr-2.8.3.min.js]
[devitems.com/html/financo-preview/financo/index.html]
[devitems.com/html/financo-preview/financo/img/logo/logo.png]
[devitems.com/html/financo-preview/financo/img/icons/phone.png]
[devitems.com/html/financo-preview/financo/img/icons/message.png]
[devitems.com/html/financo-preview/financo/index-3.html]
[devitems.com/html/financo-preview/financo/index-4.html]
[devitems.com/html/financo-preview/financo/about.html]
[devitems.com/html/financo-preview/financo/about-2.html]
[devitems.com/html/financo-preview/financo/services-2.html]
[devitems.com/html/financo-preview/financo/services.html]
[devitems.com/html/financo-preview/financo/single-service.html]
[devitems.com/html/financo-preview/financo/project.html]
[devitems.com/html/financo-preview/financo/project-2.html]
[devitems.com/html/financo-preview/financo/project-3.html]
[devitems.com/html/financo-preview/financo/project-details.html]
[devitems.com/html/financo-preview/financo/project-4.html]
[devitems.com/html/financo-preview/financo/blog.html]
[devitems.com/html/financo-preview/financo/blog-right-sidebar.html]
[devitems.com/html/financo-preview/financo/blog-left-sidebar.html]
[devitems.com/html/financo-preview/financo/blog-details.html]
[devitems.com/html/financo-preview/financo/contact.html]
[devitems.com/html/financo-preview/financo/img/slider/3.jpg]
[devitems.com/html/financo-preview/financo/img/icons/ques.png]
[devitems.com/html/financo-preview/financo/img/testi/2.jpg]
[devitems.com/html/financo-preview/financo/img/icons/plan.png]
[devitems.com/html/financo-preview/financo/img/icons/cash.png]
[devitems.com/html/financo-preview/financo/img/icons/brif.png]
[devitems.com/html/financo-preview/financo/img/icons/hand.png]
[devitems.com/html/financo-preview/financo/img/icons/commo.png]
[devitems.com/html/financo-preview/financo/img/icons/reti.png]
[devitems.com/html/financo-preview/financo/img/banner/2.jpg]
[devitems.com/html/financo-preview/financo/img/icons/rocket.png]
[devitems.com/html/financo-preview/financo/img/icons/team.png]
[devitems.com/html/financo-preview/financo/img/icons/doc.png]
[devitems.com/html/financo-preview/financo/img/icons/refi.png]
[devitems.com/html/financo-preview/financo/img/project/13.jpg]
[devitems.com/html/financo-preview/financo/img/icons/src.png]
[devitems.com/html/financo-preview/financo/img/project/14.jpg]
[devitems.com/html/financo-preview/financo/img/project/15.jpg]
[devitems.com/html/financo-preview/financo/img/project/16.jpg]
[devitems.com/html/financo-preview/financo/img/project/17.jpg]
[devitems.com/html/financo-preview/financo/img/project/18.jpg]
[devitems.com/html/financo-preview/financo/img/icons/cup.png]
[devitems.com/html/financo-preview/financo/img/icons/check.png]
[devitems.com/html/financo-preview/financo/img/icons/face.png]
[devitems.com/html/financo-preview/financo/img/icons/teams.png]
[devitems.com/html/financo-preview/financo/img/icons/trophy.png]
[devitems.com/html/financo-preview/financo/img/team/1.png]
[devitems.com/html/financo-preview/financo/img/icons/call.png]
[devitems.com/html/financo-preview/financo/img/icons/call-hover.png]
[devitems.com/html/financo-preview/financo/img/icons/facebook.png]
[devitems.com/html/financo-preview/financo/img/icons/facebook-hover.png]
[devitems.com/html/financo-preview/financo/img/icons/twitter.png]
[devitems.com/html/financo-preview/financo/img/icons/twitter-hover.png]
[devitems.com/html/financo-preview/financo/img/icons/google-plus.png]
[devitems.com/html/financo-preview/financo/img/icons/google-plus-hover.png]
[devitems.com/html/financo-preview/financo/img/team/2.png]
[devitems.com/html/financo-preview/financo/img/team/3.png]
[devitems.com/html/financo-preview/financo/img/team/4.png]
[devitems.com/html/financo-preview/financo/img/testi/1.jpg]
[devitems.com/html/financo-preview/financo/img/blog/1.jpg]
[devitems.com/html/financo-preview/financo/img/blog/2.jpg]
[devitems.com/html/financo-preview/financo/img/blog/3.jpg]
[devitems.com/html/financo-preview/financo/img/blog/4.jpg]
[devitems.com/html/financo-preview/financo/img/client/1.png]
[devitems.com/html/financo-preview/financo/img/client/1-hover.png]
[devitems.com/html/financo-preview/financo/img/client/2.png]
[devitems.com/html/financo-preview/financo/img/client/2-hover.png]
[devitems.com/html/financo-preview/financo/img/client/3.png]
[devitems.com/html/financo-preview/financo/img/client/3-hover.png]
[devitems.com/html/financo-preview/financo/img/client/4.png]
[devitems.com/html/financo-preview/financo/img/client/4-hover.png]
[devitems.com/html/financo-preview/financo/img/client/5.png]
[devitems.com/html/financo-preview/financo/img/client/5-hover.png]
[devitems.com/html/financo-preview/financo/img/logo/footer-logo.png]
[devitems.com/html/financo-preview/financo/img/icons/f-map.png]
[devitems.com/html/financo-preview/financo/img/icons/f-phone.png]
[devitems.com/html/financo-preview/financo/img/icons/f-globe.png]
[devitems.com/html/financo-preview/financo/js/bootstrap.min.js]
[devitems.com/html/financo-preview/financo/js/owl.carousel.min.js]
[devitems.com/html/financo-preview/financo/js/ajax-mail.js]
[devitems.com/html/financo-preview/financo/js/jquery.ajaxchimp.min.js]
[devitems.com/html/financo-preview/financo/js/counterup.js]
[devitems.com/html/financo-preview/financo/js/jquery.magnific-popup.js]
[devitems.com/html/financo-preview/financo/js/plugins.js]
[devitems.com/html/financo-preview/financo/js/canvas-active.js]
[devitems.com/html/financo-preview/financo/index-2.html]
[devitems.com/html/financo-preview/financo/js/main.js]
[devitems.com/html/financo-preview/financo/js/canvasjs.min.js]
[devitems.com/html/financo-preview/financo/js/vendor/jquery-1.12.4.min.js]
[devitems.com/html/financo-preview/financo/fonts/glyphicons-halflings-regular.63.delayed]
[devitems.com/html/financo-preview/financo/fonts/glyphicons-halflings-regular.64d41d.delayed]
[devitems.com/html/financo-preview/financo/fonts/glyphicons-halflings-regular.65.delayed]
[devitems.com/html/financo-preview/financo/fonts/glyphicons-halflings-regular.woff]
[devitems.com/html/financo-preview/financo/fonts/glyphicons-halflings-regular.ttf]
[devitems.com/html/financo-preview/financo/fonts/glyphicons-halflings-regular.68.delayed]
[devitems.com/html/financo-preview/financo/css/bootstrap.min.css]
[devitems.com/html/financo-preview/financo/fonts/fontawesome-webfont3e6e.eot]
[devitems.com/html/financo-preview/financo/fonts/fontawesome-webfont3e6e.woff]
[devitems.com/html/financo-preview/financo/fonts/fontawesome-webfont3e6e.woff2]
[devitems.com/html/financo-preview/financo/css/font-awesome.min.css]
[devitems.com/html/financo-preview/financo/css/shortcode/default.css]
[devitems.com/html/financo-preview/financo/css/shortcode/header.css]
[devitems.com/html/financo-preview/financo/fonts/fontawesome-webfont3e6e.ttf]
[devitems.com/html/financo-preview/financo/fonts/fontawesome-webfontd41d.eot]
[devitems.com/html/financo-preview/financo/css/shortcode/slider.css]
[devitems.com/html/financo-preview/financo/css/shortcode/footer.css]
[devitems.com/html/financo-preview/financo/css/magnific-popup.css]
[devitems.com/html/financo-preview/financo/css/material-design-iconic-font.css]
[devitems.com/html/financo-preview/financo/css/material-design-iconic-font.min.css]
[devitems.com/html/financo-preview/financo/css/meanmenu.min.css]
[devitems.com/html/financo-preview/financo/css/shortcode/shortcodes.css]
[devitems.com/html/financo-preview/financo/css/animate.css]
[devitems.com/html/financo-preview/financo/fonts/fontawesome-webfont3e6e.svg]
[devitems.com/html/financo-preview/financo/css/owl.video.play.png]
[devitems.com/html/financo-preview/financo/css/owl.carousel.css]
[devitems.com/html/financo-preview/financo/img/icons/arrow.png]
[devitems.com/html/financo-preview/financo/style.css]
[devitems.com/html/financo-preview/financo/css/responsive.css]
[devitems.com/html/financo-preview/financo/img/slider/1.jpg]
[devitems.com/html/financo-preview/financo/index.html]
[devitems.com/html/financo-preview/financo/img/icons/phone-2.png]
[devitems.com/html/financo-preview/financo/img/slider/2.jpg]
[devitems.com/html/financo-preview/financo/img/banner/4.jpg]
[devitems.com/html/financo-preview/financo/js/canvas-active-2.js]
[devitems.com/html/financo-preview/financo/index-3.html]
[devitems.com/html/financo-preview/financo/img/slider/4.jpg]
[devitems.com/html/financo-preview/financo/index-4.html]
[devitems.com/html/financo-preview/financo/about.html]
[devitems.com/html/financo-preview/financo/about-2.html]
[devitems.com/html/financo-preview/financo/img/banner/2.png]
[devitems.com/html/financo-preview/financo/services.html]
[devitems.com/html/financo-preview/financo/img/banner/3.png]
[devitems.com/html/financo-preview/financo/img/service/1.jpg]
[devitems.com/html/financo-preview/financo/img/service/2.jpg]
[devitems.com/html/financo-preview/financo/img/service/3.jpg]
[devitems.com/html/financo-preview/financo/img/service/4.jpg]
[devitems.com/html/financo-preview/financo/img/service/5.jpg]
[devitems.com/html/financo-preview/financo/img/service/6.jpg]
[devitems.com/html/financo-preview/financo/services-2.html]
[devitems.com/html/financo-preview/financo/img/banner/4.png]
[devitems.com/html/financo-preview/financo/img/banner/5.jpg]
[devitems.com/html/financo-preview/financo/js/canvas-active-3.js]
[devitems.com/html/financo-preview/financo/single-service.html]
[devitems.com/html/financo-preview/financo/img/project/19.jpg]
[devitems.com/html/financo-preview/financo/img/project/20.jpg]
[devitems.com/html/financo-preview/financo/img/project/21.jpg]
[devitems.com/html/financo-preview/financo/img/project/22.jpg]
[devitems.com/html/financo-preview/financo/img/project/23.jpg]
[devitems.com/html/financo-preview/financo/img/project/24.jpg]
[devitems.com/html/financo-preview/financo/img/project/25.jpg]
[devitems.com/html/financo-preview/financo/img/project/26.jpg]
[devitems.com/html/financo-preview/financo/img/project/27.jpg]
[devitems.com/html/financo-preview/financo/project.html]
[devitems.com/html/financo-preview/financo/project-2.html]
[devitems.com/html/financo-preview/financo/img/project/28.jpg]
[devitems.com/html/financo-preview/financo/img/project/29.jpg]
[devitems.com/html/financo-preview/financo/img/project/30.jpg]
[devitems.com/html/financo-preview/financo/img/project/31.jpg]
[devitems.com/html/financo-preview/financo/img/project/32.jpg]
[devitems.com/html/financo-preview/financo/img/project/33.jpg]
[devitems.com/html/financo-preview/financo/img/project/34.jpg]
[devitems.com/html/financo-preview/financo/img/project/35.jpg]
[devitems.com/html/financo-preview/financo/img/project/36.jpg]
[devitems.com/html/financo-preview/financo/img/project/37.jpg]
[devitems.com/html/financo-preview/financo/img/project/38.jpg]
[devitems.com/html/financo-preview/financo/img/project/39.jpg]
[devitems.com/html/financo-preview/financo/project-3.html]
[devitems.com/html/financo-preview/financo/img/project/40.jpg]
[devitems.com/html/financo-preview/financo/img/project/41.jpg]
[devitems.com/html/financo-preview/financo/img/project/42.jpg]
[devitems.com/html/financo-preview/financo/img/project/43.jpg]
[devitems.com/html/financo-preview/financo/img/project/44.jpg]
[devitems.com/html/financo-preview/financo/img/project/45.jpg]
[devitems.com/html/financo-preview/financo/img/project/46.jpg]
[devitems.com/html/financo-preview/financo/img/project/47.jpg]
[devitems.com/html/financo-preview/financo/img/project/48.jpg]
[devitems.com/html/financo-preview/financo/img/project/49.jpg]
[devitems.com/html/financo-preview/financo/img/project/50.jpg]
[devitems.com/html/financo-preview/financo/img/project/51.jpg]
[devitems.com/html/financo-preview/financo/img/project/52.jpg]
[devitems.com/html/financo-preview/financo/img/project/53.jpg]
[devitems.com/html/financo-preview/financo/img/project/54.jpg]
[devitems.com/html/financo-preview/financo/img/project/55.jpg]
[devitems.com/html/financo-preview/financo/project-4.html]
[devitems.com/html/financo-preview/financo/img/blog/l-1.jpg]
[devitems.com/html/financo-preview/financo/img/banner/8.png]
[devitems.com/html/financo-preview/financo/project-details.html]
[devitems.com/html/financo-preview/financo/img/blog/5.jpg]
[devitems.com/html/financo-preview/financo/img/blog/6.jpg]
[devitems.com/html/financo-preview/financo/img/blog/7.jpg]
[devitems.com/html/financo-preview/financo/img/blog/8.jpg]
[devitems.com/html/financo-preview/financo/img/blog/9.jpg]
[devitems.com/html/financo-preview/financo/img/blog/10.jpg]
[devitems.com/html/financo-preview/financo/img/blog/11.jpg]
[devitems.com/html/financo-preview/financo/img/blog/12.jpg]
[devitems.com/html/financo-preview/financo/img/blog/13.jpg]
[devitems.com/html/financo-preview/financo/img/blog/14.jpg]
[devitems.com/html/financo-preview/financo/img/blog/15.jpg]
[devitems.com/html/financo-preview/financo/img/blog/16.jpg]
[devitems.com/html/financo-preview/financo/img/blog/17.jpg]
[devitems.com/html/financo-preview/financo/img/blog/18.jpg]
[devitems.com/html/financo-preview/financo/img/blog/19.jpg]
[devitems.com/html/financo-preview/financo/img/blog/20.jpg]
[devitems.com/html/financo-preview/financo/blog.html]
[devitems.com/html/financo-preview/financo/img/blog/s-1.jpg]
[devitems.com/html/financo-preview/financo/img/blog/s-2.jpg]
[devitems.com/html/financo-preview/financo/img/blog/s-3.jpg]
[devitems.com/html/financo-preview/financo/blog-left-sidebar.html]
[devitems.com/html/financo-preview/financo/blog-right-sidebar.html]
[devitems.com/html/financo-preview/financo/img/blog/l-2.jpg]
[devitems.com/html/financo-preview/financo/img/comment/1.jpg]
[devitems.com/html/financo-preview/financo/img/comment/2.jpg]
[devitems.com/html/financo-preview/financo/img/comment/3.jpg]
[devitems.com/html/financo-preview/financo/blog-details.html]
[devitems.com/html/financo-preview/financo/img/icons/c-map.png]
[devitems.com/html/financo-preview/financo/img/icons/c-phone.png]
[devitems.com/html/financo-preview/financo/img/icons/c-globe.png]
[devitems.com/html/financo-preview/financo/contact.html]
[devitems.com/html/financo-preview/financo/fonts/glyphicons-halflings-regular.html]
[devitems.com/html/financo-preview/financo/fonts/glyphicons-halflings-regulard41d.html]
[devitems.com/html/financo-preview/financo/fonts/glyphicons-halflings-regular-2.html]
[devitems.com/html/financo-preview/financo/fonts/glyphicons-halflings-regular-3.html]
[devitems.com/html/financo-preview/financo/fonts/glyphicons-halflings-regular-4.html]
[devitems.com/html/financo-preview/financo/fonts/glyphicons-halflings-regular-5.html]
[devitems.com/html/financo-preview/financo/fonts/fontawesome-webfont3e6e.svg]
[devitems.com/html/financo-preview/financo/fonts/montserrat-bold-webfont.eot]
[devitems.com/html/financo-preview/financo/fonts/montserrat-bold-webfontd41d.eot]
[devitems.com/html/financo-preview/financo/fonts/montserrat-bold-webfont.woff2]
[devitems.com/html/financo-preview/financo/fonts/montserrat-bold-webfont.woff]
[devitems.com/html/financo-preview/financo/fonts/montserrat-bold-webfont.ttf]
[devitems.com/html/financo-preview/financo/fonts/montserrat-bold-webfont.svg]
[devitems.com/html/financo-preview/financo/fonts/montserrat-light-webfont.eot]
[devitems.com/html/financo-preview/financo/fonts/montserrat-light-webfont.woff2]
[devitems.com/html/financo-preview/financo/fonts/montserrat-light-webfontd41d.eot]
[devitems.com/html/financo-preview/financo/fonts/montserrat-light-webfont.ttf]
[devitems.com/html/financo-preview/financo/fonts/montserrat-light-webfont.woff]
[devitems.com/html/financo-preview/financo/fonts/montserrat-light-webfont.svg]
[devitems.com/html/financo-preview/financo/fonts/montserrat-regular-webfontd41d.eot]
[devitems.com/html/financo-preview/financo/fonts/montserrat-regular-webfont.woff2]
[devitems.com/html/financo-preview/financo/fonts/montserrat-regular-webfont.woff]
[devitems.com/html/financo-preview/financo/fonts/montserrat-regular-webfont.svg]
[devitems.com/html/financo-preview/financo/fonts/montserrat-regular-webfont.ttf]
[devitems.com/html/financo-preview/financo/fonts/montserrat-semibold-webfont.eot]
[devitems.com/html/financo-preview/financo/fonts/montserrat-regular-webfont.eot]
[devitems.com/html/financo-preview/financo/fonts/montserrat-semibold-webfontd41d.eot]
[devitems.com/html/financo-preview/financo/fonts/montserrat-semibold-webfont.woff2]
[devitems.com/html/financo-preview/financo/fonts/montserrat-semibold-webfont.ttf]
[devitems.com/html/financo-preview/financo/fonts/montserrat-semibold-webfont.woff]
[devitems.com/html/financo-preview/financo/fonts/montserrat-semibold-webfont.svg]
[devitems.com/html/financo-preview/financo/img/icons/scroll.png]
[devitems.com/html/financo-preview/financo/img/icons/scroll-hover.png]
[devitems.com/html/financo-preview/financo/img/bg/1.jpg]
[devitems.com/html/financo-preview/financo/img/bg/2.jpg]
[devitems.com/html/financo-preview/financo/img/bg/3.jpg]
[devitems.com/html/financo-preview/financo/img/bg/5.jpg]
[devitems.com/html/financo-preview/financo/img/bg/6.jpg]
[devitems.com/html/financo-preview/financo/img/bg/7.jpg]
[devitems.com/html/financo-preview/financo/img/banner/8.jpg]
[devitems.com/html/financo-preview/financo/css/shortcode/default.css]
[devitems.com/html/financo-preview/financo/css/shortcode/header.css]
[devitems.com/html/financo-preview/financo/css/shortcode/slider.css]
[devitems.com/html/financo-preview/financo/css/shortcode/footer.css]
[devitems.com/html/financo-preview/financo/css/magnific-popup.css]
[devitems.com/html/financo-preview/financo/fonts/Material-Design-Iconic-Fontd1f1.woff2]
[devitems.com/html/financo-preview/financo/css/material-design-iconic-font.css]
[devitems.com/html/financo-preview/financo/css/material-design-iconic-font.min.css]
[devitems.com/html/financo-preview/financo/css/meanmenu.min.css]
[devitems.com/html/financo-preview/financo/css/owl.video.play.html]
[devitems.com/html/financo-preview/financo/fonts/montserrat-bold-webfont.svg]
[devitems.com/html/financo-preview/financo/fonts/montserrat-light-webfont.svg]
[devitems.com/html/financo-preview/financo/fonts/montserrat-regular-webfont.svg]
[devitems.com/html/financo-preview/financo/fonts/montserrat-semibold-webfont.svg]
[devitems.com/html/financo-preview/financo/fonts/Material-Design-Iconic-Fontd1f1.woff]
[devitems.com/html/financo-preview/financo/fonts/Material-Design-Iconic-Fontd1f1.ttf]
